// Jest Snapshot v1, https://goo.gl/fbAQLP

exports[`Search Component Tests Matches Snapshot 1`] = `
<div
  className="navigation"
  data-testid="navigation"
>
  <div
    className="title"
    data-testid="nav-title"
  >
    Movie Gallery
  </div>
</div>
`;
